******************************************************************************
                  TI ARM Linker PC v16.9.2                     
******************************************************************************
>> Linked Tue Apr 11 18:30:23 2017

OUTPUT FILE NAME:   <HyperloopTM4C.out>
ENTRY POINT SYMBOL: "_c_int00"  address: 00000cd1


MEMORY CONFIGURATION

         name            origin    length      used     unused   attr    fill
----------------------  --------  ---------  --------  --------  ----  --------
  FLASH                 00000000   00100000  00001214  000fedec  R  X
  SRAM                  20000000   00040000  00000224  0003fddc  RW X


SEGMENT ALLOCATION MAP

run origin  load origin   length   init length attrs members
----------  ----------- ---------- ----------- ----- -------
00000000    00000000    00001218   00001218    r-x
  00000000    00000000    00000200   00000200    r-- .intvecs
  00000200    00000200    00000d70   00000d70    r-x .text
  00000f70    00000f70    0000026c   0000026c    r-- .const
  000011e0    000011e0    00000038   00000038    r-- .cinit
20000000    20000000    00000224   00000000    rw-
  20000000    20000000    00000200   00000000    rw- .stack
  20000200    20000200    00000020   00000000    rw- .data
  20000220    20000220    00000004   00000000    rw- .bss


SECTION ALLOCATION MAP

 output                                  attributes/
section   page    origin      length       input sections
--------  ----  ----------  ----------   ----------------
.intvecs   0    00000000    00000200     
                  00000000    00000200     startup_ccs.obj (.intvecs)

.text      0    00000200    00000d70     
                  00000200    00000218     pinout.obj (.text:PinoutSet)
                  00000418    00000200     driverlib.lib : sysctl.obj (.text:SysCtlClockFreqSet)
                  00000618    000001ea     uartstdio.obj (.text:UARTvprintf)
                  00000802    00000132     driverlib.lib : gpio.obj (.text:GPIOPadConfigSet)
                  00000934    0000009c     rtsv7M4_T_le_v4SPD16_eabi.lib : memcpy_t2.obj (.text)
                  000009d0    00000084     main.obj (.text:main)
                  00000a54    0000007a     rtsv7M4_T_le_v4SPD16_eabi.lib : memset_t2.obj (.text)
                  00000ace    00000002     startup_ccs.obj (.text:FaultISR)
                  00000ad0    00000070     rtsv7M4_T_le_v4SPD16_eabi.lib : autoinit.obj (.text)
                  00000b40    0000006c     pinout.obj (.text:LEDWrite)
                  00000bac    00000068     rtsv7M4_T_le_v4SPD16_eabi.lib : copy_decompress_lzss.obj (.text:decompress:lzss)
                  00000c14    00000060     uartstdio.obj (.text:UARTStdioConfig)
                  00000c74    0000005c     main.obj (.text:ConfigureUART)
                  00000cd0    00000054     rtsv7M4_T_le_v4SPD16_eabi.lib : boot.obj (.text)
                  00000d24    00000054                                   : exit.obj (.text)
                  00000d78    0000004c                                   : cpy_tbl.obj (.text)
                  00000dc4    00000048     uartstdio.obj (.text:UARTwrite)
                  00000e0c    00000048     driverlib.lib : sysctl.obj (.text:_SysCtlFrequencyGet)
                  00000e54    00000040     rtsv7M4_T_le_v4SPD16_eabi.lib : u_divt2.obj (.text)
                  00000e94    0000002a     driverlib.lib : gpio.obj (.text:GPIODirModeSet)
                  00000ebe    00000002     startup_ccs.obj (.text:IntDefaultHandler)
                  00000ec0    00000020     driverlib.lib : sysctl.obj (.text:_SysCtlMemTimingGet)
                  00000ee0    0000001a     uartstdio.obj (.text:UARTprintf)
                  00000efa    00000002     startup_ccs.obj (.text:NmiSR)
                  00000efc    00000018     rtsv7M4_T_le_v4SPD16_eabi.lib : args_main.obj (.text)
                  00000f14    00000014                                   : _lock.obj (.text)
                  00000f28    00000012     driverlib.lib : gpio.obj (.text:GPIOPinTypeEthernetLED)
                  00000f3a    0000000e     rtsv7M4_T_le_v4SPD16_eabi.lib : copy_decompress_none.obj (.text:decompress:none)
                  00000f48    0000000c                                   : copy_zero_init.obj (.text:decompress:ZI)
                  00000f54    00000006     driverlib.lib : gpio.obj (.text:GPIOPinWrite)
                  00000f5a    00000006     startup_ccs.obj (.text:ResetISR)
                  00000f60    00000006     driverlib.lib : sysctl.obj (.text:SysCtlDelay)
                  00000f66    00000004     rtsv7M4_T_le_v4SPD16_eabi.lib : pre_init.obj (.text)
                  00000f6a    00000002                                   : i_div0.obj (.text)
                  00000f6c    00000002                                   : mpu_init.obj (.text)
                  00000f6e    00000002                                   : startup.obj (.text)

.const     0    00000f70    0000026c     
                  00000f70    000001b0     driverlib.lib : sysctl.obj (.const:g_pppui32XTALtoVCO)
                  00001120    0000006c                   : sysctl.obj (.const:g_pui32Xtals)
                  0000118c    00000030                   : sysctl.obj (.const:g_sXTALtoMEMTIM)
                  000011bc    0000000c     uartstdio.obj (.const:g_ui32UARTBase)
                  000011c8    0000000c     uartstdio.obj (.const:g_ui32UARTPeriph)
                  000011d4    00000008     driverlib.lib : sysctl.obj (.const)

.cinit     0    000011e0    00000038     
                  000011e0    00000011     (.cinit..data.load) [load image, compression = lzss]
                  000011f1    00000003     --HOLE-- [fill = 0]
                  000011f4    0000000c     (__TI_handler_table)
                  00001200    00000008     (.cinit..bss.load) [load image, compression = zero_init]
                  00001208    00000010     (__TI_cinit_table)

.init_array 
*          0    00000000    00000000     UNINITIALIZED

.stack     0    20000000    00000200     UNINITIALIZED
                  20000000    00000200     --HOLE--

.data      0    20000200    00000020     UNINITIALIZED
                  20000200    0000000c     rtsv7M4_T_le_v4SPD16_eabi.lib : exit.obj (.data:$O1$$)
                  2000020c    00000008                                   : _lock.obj (.data:$O1$$)
                  20000214    00000005     uartstdio.obj (.data)
                  20000219    00000003     --HOLE--
                  2000021c    00000004     rtsv7M4_T_le_v4SPD16_eabi.lib : stkdepth_vars.obj (.data)

.bss       0    20000220    00000004     UNINITIALIZED
                  20000220    00000004     (.common:g_ui32SysClock)

MODULE SUMMARY

       Module                     code   ro data   rw data
       ------                     ----   -------   -------
    .\
       startup_ccs.obj            12     512       0      
       main.obj                   224    0         4      
    +--+--------------------------+------+---------+---------+
       Total:                     236    512       4      
                                                          
    .\drivers\
       pinout.obj                 644    0         0      
    +--+--------------------------+------+---------+---------+
       Total:                     644    0         0      
                                                          
    .\utils\
       uartstdio.obj              684    24        5      
    +--+--------------------------+------+---------+---------+
       Total:                     684    24        5      
                                                          
    C:/TICCS/TM4C1294XL Kit/driverlib/ccs/Debug/driverlib.lib
       sysctl.obj                 622    596       0      
       gpio.obj                   372    0         0      
    +--+--------------------------+------+---------+---------+
       Total:                     994    596       0      
                                                          
    C:\TICCS\ccsv7\tools\compiler\ti-cgt-arm_16.9.2.LTS\lib\rtsv7M4_T_le_v4SPD16_eabi.lib
       memcpy_t2.obj              156    0         0      
       memset_t2.obj              122    0         0      
       autoinit.obj               112    0         0      
       copy_decompress_lzss.obj   104    0         0      
       exit.obj                   84     0         12     
       boot.obj                   84     0         0      
       cpy_tbl.obj                76     0         0      
       u_divt2.obj                64     0         0      
       _lock.obj                  20     0         8      
       args_main.obj              24     0         0      
       copy_decompress_none.obj   14     0         0      
       copy_zero_init.obj         12     0         0      
       pre_init.obj               4      0         0      
       stkdepth_vars.obj          0      0         4      
       i_div0.obj                 2      0         0      
       mpu_init.obj               2      0         0      
       startup.obj                2      0         0      
    +--+--------------------------+------+---------+---------+
       Total:                     882    0         24     
                                                          
       Stack:                     0      0         512    
       Linker Generated:          0      53        0      
    +--+--------------------------+------+---------+---------+
       Grand Total:               3440   1185      545    


LINKER GENERATED COPY TABLES

__TI_cinit_table @ 00001208 records: 2, size/record: 8, table size: 16
	.data: load addr=000011e0, load size=00000011 bytes, run addr=20000200, run size=00000020 bytes, compression=lzss
	.bss: load addr=00001200, load size=00000008 bytes, run addr=20000220, run size=00000004 bytes, compression=zero_init


LINKER GENERATED HANDLER TABLE

__TI_handler_table @ 000011f4 records: 3, size/record: 4, table size: 12
	index: 0, handler: __TI_decompress_lzss
	index: 1, handler: __TI_decompress_none
	index: 2, handler: __TI_zero_init


GLOBAL SYMBOLS: SORTED ALPHABETICALLY BY Name 

address   name                           
-------   ----                           
00000d25  C$$EXIT                        
00000c75  ConfigureUART                  
00000e95  GPIODirModeSet                 
00000803  GPIOPadConfigSet               
00000f29  GPIOPinTypeEthernetLED         
00000f55  GPIOPinWrite                   
00000b41  LEDWrite                       
00000201  PinoutSet                      
00000f5b  ResetISR                       
UNDEFED   SHT$$INIT_ARRAY$$Base          
UNDEFED   SHT$$INIT_ARRAY$$Limit         
00000419  SysCtlClockFreqSet             
00000f61  SysCtlDelay                    
00000c15  UARTStdioConfig                
00000ee1  UARTprintf                     
00000619  UARTvprintf                    
00000dc5  UARTwrite                      
20000200  __STACK_END                    
00000200  __STACK_SIZE                   
20000200  __STACK_TOP                    
00001208  __TI_CINIT_Base                
00001218  __TI_CINIT_Limit               
000011f4  __TI_Handler_Table_Base        
00001200  __TI_Handler_Table_Limit       
00000ad1  __TI_auto_init                 
20000200  __TI_cleanup_ptr               
00000bad  __TI_decompress_lzss           
00000f3b  __TI_decompress_none           
20000204  __TI_dtors_ptr                 
20000208  __TI_enable_exit_profile_output
ffffffff  __TI_pprof_out_hndl            
ffffffff  __TI_prof_data_size            
ffffffff  __TI_prof_data_start           
00000000  __TI_static_base__             
00000f49  __TI_zero_init                 
00000f6b  __aeabi_idiv0                  
00000a55  __aeabi_memclr                 
00000a55  __aeabi_memclr4                
00000a55  __aeabi_memclr8                
00000935  __aeabi_memcpy                 
00000935  __aeabi_memcpy4                
00000935  __aeabi_memcpy8                
00000a57  __aeabi_memset                 
00000a57  __aeabi_memset4                
00000a57  __aeabi_memset8                
00000e55  __aeabi_uidiv                  
00000e55  __aeabi_uidivmod               
ffffffff  __binit__                      
ffffffff  __c_args__                     
00000f6d  __mpu_init                     
20000000  __stack                        
00000efd  _args_main                     
00000cd1  _c_int00                       
2000020c  _lock                          
00000f23  _nop                           
00000f1b  _register_lock                 
00000f15  _register_unlock               
00000f6f  _system_post_cinit             
00000f67  _system_pre_init               
20000210  _unlock                        
00000d29  abort                          
ffffffff  binit                          
00000d79  copy_in                        
00000d31  exit                           
00000000  g_pfnVectors                   
20000220  g_ui32SysClock                 
000009d1  main                           
2000021c  main_func_sp                   
00000935  memcpy                         
00000a5d  memset                         


GLOBAL SYMBOLS: SORTED BY Symbol Address 

address   name                           
-------   ----                           
00000000  __TI_static_base__             
00000000  g_pfnVectors                   
00000200  __STACK_SIZE                   
00000201  PinoutSet                      
00000419  SysCtlClockFreqSet             
00000619  UARTvprintf                    
00000803  GPIOPadConfigSet               
00000935  __aeabi_memcpy                 
00000935  __aeabi_memcpy4                
00000935  __aeabi_memcpy8                
00000935  memcpy                         
000009d1  main                           
00000a55  __aeabi_memclr                 
00000a55  __aeabi_memclr4                
00000a55  __aeabi_memclr8                
00000a57  __aeabi_memset                 
00000a57  __aeabi_memset4                
00000a57  __aeabi_memset8                
00000a5d  memset                         
00000ad1  __TI_auto_init                 
00000b41  LEDWrite                       
00000bad  __TI_decompress_lzss           
00000c15  UARTStdioConfig                
00000c75  ConfigureUART                  
00000cd1  _c_int00                       
00000d25  C$$EXIT                        
00000d29  abort                          
00000d31  exit                           
00000d79  copy_in                        
00000dc5  UARTwrite                      
00000e55  __aeabi_uidiv                  
00000e55  __aeabi_uidivmod               
00000e95  GPIODirModeSet                 
00000ee1  UARTprintf                     
00000efd  _args_main                     
00000f15  _register_unlock               
00000f1b  _register_lock                 
00000f23  _nop                           
00000f29  GPIOPinTypeEthernetLED         
00000f3b  __TI_decompress_none           
00000f49  __TI_zero_init                 
00000f55  GPIOPinWrite                   
00000f5b  ResetISR                       
00000f61  SysCtlDelay                    
00000f67  _system_pre_init               
00000f6b  __aeabi_idiv0                  
00000f6d  __mpu_init                     
00000f6f  _system_post_cinit             
000011f4  __TI_Handler_Table_Base        
00001200  __TI_Handler_Table_Limit       
00001208  __TI_CINIT_Base                
00001218  __TI_CINIT_Limit               
20000000  __stack                        
20000200  __STACK_END                    
20000200  __STACK_TOP                    
20000200  __TI_cleanup_ptr               
20000204  __TI_dtors_ptr                 
20000208  __TI_enable_exit_profile_output
2000020c  _lock                          
20000210  _unlock                        
2000021c  main_func_sp                   
20000220  g_ui32SysClock                 
ffffffff  __TI_pprof_out_hndl            
ffffffff  __TI_prof_data_size            
ffffffff  __TI_prof_data_start           
ffffffff  __binit__                      
ffffffff  __c_args__                     
ffffffff  binit                          
UNDEFED   SHT$$INIT_ARRAY$$Base          
UNDEFED   SHT$$INIT_ARRAY$$Limit         

[70 symbols]
